2026-06-06 23:12:59 - FloatFishing - INFO - Starting FloatFishing
2026-06-06 23:12:59 - FloatFishing - INFO - Float fishing setup
2026-06-06 23:12:59 - FloatFishing - INFO - ✓ Hybrid detector initialized: color=red
2026-06-06 23:12:59 - FloatFishing - INFO - Float fishing mode ready (method=hybrid)
2026-06-06 23:12:59 - FloatFishing - INFO - Float color set to: red
2026-06-06 23:12:59 - FloatFishing - INFO - Casting #1
2026-06-06 23:13:01 - FloatFishing - INFO - Cast complete, waiting for bite...
2026-06-06 23:13:04 - FloatFishing - INFO - Bite detected! Methods: ['motion', 'area_change']
2026-06-06 23:13:04 - FloatFishing - INFO - HOOKING FISH!
2026-06-06 23:13:05 - FloatFishing - INFO - Fighting fish...
2026-06-06 23:13:09 - FloatFishing - INFO - Fish caught, preparing to collect...
2026-06-06 23:13:11 - FloatFishing - INFO - Fish collected! Total catch: 1
2026-06-06 23:13:13 - FloatFishing - INFO - Cast complete, waiting for bite...
2026-06-06 23:13:14 - FloatFishing - INFO - Bite detected! Methods: ['motion']
2026-06-06 23:13:14 - FloatFishing - INFO - HOOKING FISH!
2026-06-06 23:13:15 - FloatFishing - INFO - Fighting fish...
2026-06-06 23:13:20 - FloatFishing - INFO - Fish caught, preparing to collect...
2026-06-06 23:13:22 - FloatFishing - INFO - Fish collected! Total catch: 1
2026-06-06 23:13:23 - FloatFishing - INFO - Cast complete, waiting for bite...
2026-06-06 23:13:34 - FloatFishing - INFO - Bite detected! Methods: ['motion', 'area_change']
2026-06-06 23:13:34 - FloatFishing - INFO - HOOKING FISH!
2026-06-06 23:13:35 - FloatFishing - INFO - Fighting fish...
2026-06-06 23:13:40 - FloatFishing - INFO - Fish caught, preparing to collect...
2026-06-06 23:13:42 - FloatFishing - INFO - Fish collected! Total catch: 1
2026-06-06 23:13:44 - FloatFishing - INFO - Cast complete, waiting for bite...
2026-06-06 23:13:54 - FloatFishing - INFO - Stopping FloatFishing
2026-06-06 23:13:54 - FloatFishing - INFO - Float fishing stopped. Total casts: 1
2026-06-06 23:13:54 - FloatFishing - INFO - Stopping FloatFishing
2026-06-06 23:13:54 - FloatFishing - INFO - Float fishing stopped. Total casts: 1
